commit e07d115e26e8b8696c09ca031d50efd048c91249
shubhamgour@Shubhams-MacBook-Air git-pull01 % touch filex
shubhamgour@Shubhams-MacBook-Air git-pull01 % git add filex
shubhamgour@Shubhams-MacBook-Air git-pull01 % git commit -m "add x"
[main 2ab5569] add x
 1 file changed, 0 insertions(+), 0 deletions(-)
 create mode 100644 filex
shubhamgour@Shubhams-MacBook-Air git-pull01 % git push
To https://github.com/theshubhamgour/git-pull01.git
 ! [rejected]        main -> main (fetch first)
error: failed to push some refs to 'https://github.com/theshubhamgour/git-pull01.git'
hint: Updates were rejected because the remote contains work that you do not
hint: have locally. This is usually caused by another repository pushing to
hint: the same ref. If you want to integrate the remote changes, use
hint: 'git pull' before pushing again.
hint: See the 'Note about fast-forwards' in 'git push --help' for details.
shubhamgour@Shubhams-MacBook-Air git-pull01 % git pull
remote: Enumerating objects: 4, done.
remote: Counting objects: 100% (4/4), done.
remote: Compressing objects: 100% (2/2), done.
remote: Total 3 (delta 1), reused 0 (delta 0), pack-reused 0
Unpacking objects: 100% (3/3), 675 bytes | 168.00 KiB/s, done.
From https://github.com/theshubhamgour/git-pull01
   69a417c..1c1e7d2  main       -> origin/main
hint: You have divergent branches and need to specify how to reconcile them.
hint: You can do so by running one of the following commands sometime before
hint: your next pull:
hint: 
hint:   git config pull.rebase false  # merge
hint:   git config pull.rebase true   # rebase
hint:   git config pull.ff only       # fast-forward only
hint: 
hint: You can replace "git config" with "git config --global" to set a default
hint: preference for all repositories. You can also pass --rebase, --no-rebase,
hint: or --ff-only on the command line to override the configured default per
hint: invocation.
fatal: Need to specify how to reconcile divergent branches.
shubhamgour@Shubhams-MacBook-Air git-pull01 % git push
To https://github.com/theshubhamgour/git-pull01.git
 ! [rejected]        main -> main (non-fast-forward)
error: failed to push some refs to 'https://github.com/theshubhamgour/git-pull01.git'
hint: Updates were rejected because the tip of your current branch is behind
hint: its remote counterpart. If you want to integrate the remote changes,
hint: use 'git pull' before pushing again.
hint: See the 'Note about fast-forwards' in 'git push --help' for details.
shubhamgour@Shubhams-MacBook-Air git-pull01 % 
 *  History restored 

shubhamgour@192 git-pull01 % git push
To https://github.com/theshubhamgour/git-pull01.git
 ! [rejected]        main -> main (non-fast-forward)
error: failed to push some refs to 'https://github.com/theshubhamgour/git-pull01.git'
hint: Updates were rejected because the tip of your current branch is behind
hint: its remote counterpart. If you want to integrate the remote changes,
hint: use 'git pull' before pushing again.
hint: See the 'Note about fast-forwards' in 'git push --help' for details.
shubhamgour@192 git-pull01 % git ppull
git: 'ppull' is not a git command. See 'git --help'.

The most similar command is
        pull
shubhamgour@192 git-pull01 % git pull 
hint: You have divergent branches and need to specify how to reconcile them.
hint: You can do so by running one of the following commands sometime before
hint: your next pull:
hint: 
hint:   git config pull.rebase false  # merge
hint:   git config pull.rebase true   # rebase
hint:   git config pull.ff only       # fast-forward only
hint: 
hint: You can replace "git config" with "git config --global" to set a default
hint: preference for all repositories. You can also pass --rebase, --no-rebase,
hint: or --ff-only on the command line to override the configured default per
hint: invocation.
fatal: Need to specify how to reconcile divergent branches.
shubhamgour@192 git-pull01 % git merge
Merge made by the 'ort' strategy.
 github.txt | 1 +
 1 file changed, 1 insertion(+)
 create mode 100644 github.txt
shubhamgour@192 git-pull01 % git push
Enumerating objects: 7, done.
Counting objects: 100% (7/7), done.
Delta compression using up to 8 threads
Compressing objects: 100% (4/4), done.
Writing objects: 100% (5/5), 499 bytes | 499.00 KiB/s, done.
Total 5 (delta 2), reused 0 (delta 0), pack-reused 0
remote: Resolving deltas: 100% (2/2), completed with 1 local object.
To https://github.com/theshubhamgour/git-pull01.git
   1c1e7d2..f4cef89  main -> main